EN comparator_2b NULL C:/Users/carlo/Desktop/xilinx/Lab_7/comparator/comparator_2b.vhd sub00/vhpl02 1551829815
AR comparator_2b behavioral C:/Users/carlo/Desktop/xilinx/Lab_7/comparator/comparator_2b.vhd sub00/vhpl03 1551829816
AR comparator_1b behavioral C:/Users/carlo/Desktop/xilinx/Lab_7/comparator/comparator_1b.vhd sub00/vhpl01 1551827779
EN comparator_1b NULL C:/Users/carlo/Desktop/xilinx/Lab_7/comparator/comparator_1b.vhd sub00/vhpl00 1551827778
