AR crazy_counter_up1_dwn2 behavioral C:/Users/carlo/Desktop/xilinx/Lab_9/RST_Flip_Flop.vhd sub00/vhpl02 1553577159
EN crazy_counter_up1_dwn2 NULL C:/Users/carlo/Desktop/xilinx/Lab_9/RST_Flip_Flop.vhd sub00/vhpl01 1553577914
EN rst_flip_flip NULL C:/Users/carlo/Desktop/xilinx/Lab_9/Flip_Flip.vhd sub00/vhpl00 1553574496
