EN comparator_2b NULL C:/Users/carlo/Desktop/xilinx/Lab_7/comparator/comparator_2b.vhd sub00/vhpl00 1551831113
AR comparator_2b behavioral C:/Users/carlo/Desktop/xilinx/Lab_7/comparator/comparator_2b.vhd sub00/vhpl01 1551831114
MO comparator_2b_tbw NULL C:/Users/carlo/Desktop/xilinx/Lab_7/comparator/comparator_2b_tbw.tfw vlg07/comparator__2b__tbw.bin 1551829136
MO glbl NULL C:/xilinx/92i/verilog/src/glbl.v vlg2D/glbl.bin 1551829136
