EN mux2 NULL C:/Users/carlo/Desktop/xilinx/Lab_12/MUX2.vhd sub00/vhpl00 1555982987
AR mux2 behavioral C:/Users/carlo/Desktop/xilinx/Lab_12/MUX2.vhd sub00/vhpl01 1555982988
AR alu behavioral C:/Users/carlo/Desktop/xilinx/Lab_12/ALU.vhd sub00/vhpl03 1555983043
EN alu NULL C:/Users/carlo/Desktop/xilinx/Lab_12/ALU.vhd sub00/vhpl02 1555983042
